---
source: service_arb/tests/fixture_bbox.rs
expression: "lines.join(\"\\n\")"
---
cells           196
imputed         9
columns         32
demand total    36501.2
Population      49327.0
Households      29006.8
Estimated cars  27082.0
Standard of living (€/yr) 5571857.5
Households in houses 3466.1
